MPLINK 4.33, Linker
Linker Map File - Created Mon Mar 26 16:56:24 2018

                                 Section Info
                  Section       Type    Address   Location Size(Bytes)
                ---------  ---------  ---------  ---------  ---------
               _entry_scn       code   0x000000    program   0x000006
           .code___init.o       code   0x000006    program   0x000002
               adresse_it       code   0x000008    program   0x000006
                   .cinit    romdata   0x00000e    program   0x00000e
              .code_tp2.o       code   0x00001c    program   0x000396
               _cinit_scn       code   0x0003b2    program   0x00009e
                     PROG       code   0x000450    program   0x00004c
         .code_fxd1616u.o       code   0x00049c    program   0x00002c
             _startup_scn       code   0x0004c8    program   0x00001c
              D10TCYXCODE       code   0x0004e4    program   0x000016
                    .code       code   0x0004fa    program   0x00000e
           .romdata_tp2.o    romdata   0x000508    program   0x000000
           .idata_tp2.o_i    romdata   0x000508    program   0x000014
      .romdata_fxd1616u.o    romdata   0x000508    program   0x000000
        .romdata___init.o    romdata   0x000508    program   0x000000
         .romdata_c018i.o    romdata   0x000508    program   0x000000
      .idata_fxd1616u.o_i    romdata   0x00051c    program   0x000000
            .code_c018i.o       code   0x00051c    program   0x000000
        .idata___init.o_i    romdata   0x00051c    program   0x000000
         .idata_c018i.o_i    romdata   0x00051c    program   0x000000
                MATH_DATA      udata   0x000000       data   0x000010
                 .tmpdata      udata   0x000010       data   0x000004
             .idata_tp2.o      idata   0x000080       data   0x000014
           .udata_c018i.o      udata   0x000094       data   0x00000a
           .idata_c018i.o      idata   0x00009e       data   0x000000
             .udata_tp2.o      udata   0x00009e       data   0x000000
        .udata_fxd1616u.o      udata   0x00009e       data   0x000000
        .idata_fxd1616u.o      idata   0x00009e       data   0x000000
          .udata___init.o      udata   0x00009e       data   0x000000
          .idata___init.o      idata   0x00009e       data   0x000000
                   .stack      udata   0x000500       data   0x000100
            SFR_UNBANKED0      udata   0x000f80       data   0x000023
            SFR_UNBANKED1      udata   0x000fab       data   0x000055



                              Program Memory Usage 
                               Start         End      
                           ---------   ---------      
                            0x000000    0x00051b      
            1308 out of 32786 program addresses used, program memory utilization is 3%



                              Symbols - Sorted by Name
                     Name    Address   Location    Storage File                     
                ---------  ---------  ---------  --------- ---------                
                    D10_1   0x0004f4    program     static C:\MCC18\src\traditional\delays\d10tcyx.asm
                     D10x   0x0004ec    program     static C:\MCC18\src\traditional\delays\d10tcyx.asm
                   D1616S   0x000472    program     static C:\MCC18\src\traditional\math\fxd1616s.asm
                D1616SNEG   0x000480    program     static C:\MCC18\src\traditional\math\fxd1616s.asm
                 D1616SOK   0x00047c    program     static C:\MCC18\src\traditional\math\fxd1616s.asm
                  D1616SX   0x000492    program     static C:\MCC18\src\traditional\math\fxd1616s.asm
                  DA1616S   0x000462    program     static C:\MCC18\src\traditional\math\fxd1616s.asm
              Delay10TCYx   0x0004e4    program     extern C:\MCC18\src\traditional\delays\d10tcyx.asm
                 FXD1616S   0x000450    program     extern C:\MCC18\src\traditional\math\fxd1616s.asm
                 FXD1616U   0x00049c    program     extern C:\MCC18\src\traditional\math\fxd1616u.c
        _D10TCYXCODE_000A   0x0004ee    program     static C:\MCC18\src\traditional\delays\d10tcyx.asm
        _D10TCYXCODE_000C   0x0004f0    program     static C:\MCC18\src\traditional\delays\d10tcyx.asm
        _D10TCYXCODE_000E   0x0004f2    program     static C:\MCC18\src\traditional\delays\d10tcyx.asm
       ___return_lbl00000   0x000004    program     static                          
       ___return_lbl00000   0x0004c6    program     static                          
       ___return_lbl00001   0x0004e2    program     static                          
       ___return_lbl00002   0x00044e    program     static                          
       ___return_lbl00004   0x00000c    program     static                          
                   __init   0x000006    program     extern C:\MCC18\src\traditional\stdclib\__init.c
            __zero_memory   0x0004fa    program     extern C:\MCC18\src\traditional\proc\p18C452.asm
                _do_cinit   0x0003b2    program     extern C:\MCC18\src\traditional\startup\c018i.c
                   _entry   0x000000    program     extern C:\MCC18\src\traditional\startup\c018i.c
                 _startup   0x0004c8    program     extern C:\MCC18\src\traditional\startup\c018i.c
             affiche_7seg   0x000160    program     extern C:\Users\pc260533\Desktop\tp02bis\tp2.c
               clear_loop   0x000500    program     static C:\MCC18\src\traditional\proc\p18C452.asm
                copy_loop   0x000424    program     static                          
            copy_one_byte   0x00042a    program     static                          
                  delayms   0x00001c    program     extern C:\Users\pc260533\Desktop\tp02bis\iq.h
                     done   0x00044e    program     static                          
             done_copying   0x000438    program     static                          
                  endloop   0x0004c2    program     static                          
             init_it_int0   0x000140    program     extern C:\Users\pc260533\Desktop\tp02bis\it.h
             init_it_int1   0x000146    program     extern C:\Users\pc260533\Desktop\tp02bis\it.h
             init_it_tmr0   0x00014c    program     extern C:\Users\pc260533\Desktop\tp02bis\it.h
                 int_vect   0x000008    program     extern C:\Users\pc260533\Desktop\tp02bis\it.h
                       it   0x00007e    program     extern C:\Users\pc260533\Desktop\tp02bis\it.h
                  it_int0   0x000256    program     extern C:\Users\pc260533\Desktop\tp02bis\tp2.c
                  it_int1   0x000258    program     extern C:\Users\pc260533\Desktop\tp02bis\tp2.c
                  it_tmr0   0x00025a    program     extern C:\Users\pc260533\Desktop\tp02bis\tp2.c
                     loop   0x0004d8    program     static                          
                     loop   0x0004a6    program     static                          
                     main   0x000378    program     extern C:\Users\pc260533\Desktop\tp02bis\tp2.c
                     test   0x0003cc    program     static                          
                   ADCON0   0x000fc2       data     extern C:\MCC18\src\traditional\proc\p18C452.asm
               ADCON0bits   0x000fc2       data     extern C:\MCC18\src\traditional\proc\p18C452.asm
                   ADCON1   0x000fc1       data     extern C:\MCC18\src\traditional\proc\p18C452.asm
               ADCON1bits   0x000fc1       data     extern C:\MCC18\src\traditional\proc\p18C452.asm
                    ADRES   0x000fc3       data     extern C:\MCC18\src\traditional\proc\p18C452.asm
                   ADRESH   0x000fc4       data     extern C:\MCC18\src\traditional\proc\p18C452.asm
                   ADRESL   0x000fc3       data     extern C:\MCC18\src\traditional\proc\p18C452.asm
                      BSR   0x000fe0       data     extern C:\MCC18\src\traditional\proc\p18C452.asm
                  CCP1CON   0x000fbd       data     extern C:\MCC18\src\traditional\proc\p18C452.asm
              CCP1CONbits   0x000fbd       data     extern C:\MCC18\src\traditional\proc\p18C452.asm
                  CCP2CON   0x000fba       data     extern C:\MCC18\src\traditional\proc\p18C452.asm
              CCP2CONbits   0x000fba       data     extern C:\MCC18\src\traditional\proc\p18C452.asm
                    CCPR1   0x000fbe       data     extern C:\MCC18\src\traditional\proc\p18C452.asm
                   CCPR1H   0x000fbf       data     extern C:\MCC18\src\traditional\proc\p18C452.asm
                   CCPR1L   0x000fbe       data     extern C:\MCC18\src\traditional\proc\p18C452.asm
                    CCPR2   0x000fbb       data     extern C:\MCC18\src\traditional\proc\p18C452.asm
                   CCPR2H   0x000fbc       data     extern C:\MCC18\src\traditional\proc\p18C452.asm
                   CCPR2L   0x000fbb       data     extern C:\MCC18\src\traditional\proc\p18C452.asm
                     DDRA   0x000f92       data     extern C:\MCC18\src\traditional\proc\p18C452.asm
                 DDRAbits   0x000f92       data     extern C:\MCC18\src\traditional\proc\p18C452.asm
                     DDRB   0x000f93       data     extern C:\MCC18\src\traditional\proc\p18C452.asm
                 DDRBbits   0x000f93       data     extern C:\MCC18\src\traditional\proc\p18C452.asm
                     DDRC   0x000f94       data     extern C:\MCC18\src\traditional\proc\p18C452.asm
                 DDRCbits   0x000f94       data     extern C:\MCC18\src\traditional\proc\p18C452.asm
                     DDRD   0x000f95       data     extern C:\MCC18\src\traditional\proc\p18C452.asm
                 DDRDbits   0x000f95       data     extern C:\MCC18\src\traditional\proc\p18C452.asm
                     DDRE   0x000f96       data     extern C:\MCC18\src\traditional\proc\p18C452.asm
                 DDREbits   0x000f96       data     extern C:\MCC18\src\traditional\proc\p18C452.asm
                     FSR0   0x000fe9       data     extern C:\MCC18\src\traditional\proc\p18C452.asm
                    FSR0H   0x000fea       data     extern C:\MCC18\src\traditional\proc\p18C452.asm
                    FSR0L   0x000fe9       data     extern C:\MCC18\src\traditional\proc\p18C452.asm
                     FSR1   0x000fe1       data     extern C:\MCC18\src\traditional\proc\p18C452.asm
                    FSR1H   0x000fe2       data     extern C:\MCC18\src\traditional\proc\p18C452.asm
                    FSR1L   0x000fe1       data     extern C:\MCC18\src\traditional\proc\p18C452.asm
                     FSR2   0x000fd9       data     extern C:\MCC18\src\traditional\proc\p18C452.asm
                    FSR2H   0x000fda       data     extern C:\MCC18\src\traditional\proc\p18C452.asm
                    FSR2L   0x000fd9       data     extern C:\MCC18\src\traditional\proc\p18C452.asm
                    INDF0   0x000fef       data     extern C:\MCC18\src\traditional\proc\p18C452.asm
                    INDF1   0x000fe7       data     extern C:\MCC18\src\traditional\proc\p18C452.asm
                    INDF2   0x000fdf       data     extern C:\MCC18\src\traditional\proc\p18C452.asm
                   INTCON   0x000ff2       data     extern C:\MCC18\src\traditional\proc\p18C452.asm
                  INTCON2   0x000ff1       data     extern C:\MCC18\src\traditional\proc\p18C452.asm
              INTCON2bits   0x000ff1       data     extern C:\MCC18\src\traditional\proc\p18C452.asm
                  INTCON3   0x000ff0       data     extern C:\MCC18\src\traditional\proc\p18C452.asm
              INTCON3bits   0x000ff0       data     extern C:\MCC18\src\traditional\proc\p18C452.asm
               INTCONbits   0x000ff2       data     extern C:\MCC18\src\traditional\proc\p18C452.asm
                     IPR1   0x000f9f       data     extern C:\MCC18\src\traditional\proc\p18C452.asm
                 IPR1bits   0x000f9f       data     extern C:\MCC18\src\traditional\proc\p18C452.asm
                     IPR2   0x000fa2       data     extern C:\MCC18\src\traditional\proc\p18C452.asm
                 IPR2bits   0x000fa2       data     extern C:\MCC18\src\traditional\proc\p18C452.asm
                     LATA   0x000f89       data     extern C:\MCC18\src\traditional\proc\p18C452.asm
                 LATAbits   0x000f89       data     extern C:\MCC18\src\traditional\proc\p18C452.asm
                     LATB   0x000f8a       data     extern C:\MCC18\src\traditional\proc\p18C452.asm
                 LATBbits   0x000f8a       data     extern C:\MCC18\src\traditional\proc\p18C452.asm
                     LATC   0x000f8b       data     extern C:\MCC18\src\traditional\proc\p18C452.asm
                 LATCbits   0x000f8b       data     extern C:\MCC18\src\traditional\proc\p18C452.asm
                     LATD   0x000f8c       data     extern C:\MCC18\src\traditional\proc\p18C452.asm
                 LATDbits   0x000f8c       data     extern C:\MCC18\src\traditional\proc\p18C452.asm
                     LATE   0x000f8d       data     extern C:\MCC18\src\traditional\proc\p18C452.asm
                 LATEbits   0x000f8d       data     extern C:\MCC18\src\traditional\proc\p18C452.asm
                   LVDCON   0x000fd2       data     extern C:\MCC18\src\traditional\proc\p18C452.asm
               LVDCONbits   0x000fd2       data     extern C:\MCC18\src\traditional\proc\p18C452.asm
                   OSCCON   0x000fd3       data     extern C:\MCC18\src\traditional\proc\p18C452.asm
                       PC   0x000ff9       data     extern C:\MCC18\src\traditional\proc\p18C452.asm
                      PCL   0x000ff9       data     extern C:\MCC18\src\traditional\proc\p18C452.asm
                   PCLATH   0x000ffa       data     extern C:\MCC18\src\traditional\proc\p18C452.asm
                   PCLATU   0x000ffb       data     extern C:\MCC18\src\traditional\proc\p18C452.asm
                     PIE1   0x000f9d       data     extern C:\MCC18\src\traditional\proc\p18C452.asm
                 PIE1bits   0x000f9d       data     extern C:\MCC18\src\traditional\proc\p18C452.asm
                     PIE2   0x000fa0       data     extern C:\MCC18\src\traditional\proc\p18C452.asm
                 PIE2bits   0x000fa0       data     extern C:\MCC18\src\traditional\proc\p18C452.asm
                     PIR1   0x000f9e       data     extern C:\MCC18\src\traditional\proc\p18C452.asm
                 PIR1bits   0x000f9e       data     extern C:\MCC18\src\traditional\proc\p18C452.asm
                     PIR2   0x000fa1       data     extern C:\MCC18\src\traditional\proc\p18C452.asm
                 PIR2bits   0x000fa1       data     extern C:\MCC18\src\traditional\proc\p18C452.asm
                   PLUSW0   0x000feb       data     extern C:\MCC18\src\traditional\proc\p18C452.asm
                   PLUSW1   0x000fe3       data     extern C:\MCC18\src\traditional\proc\p18C452.asm
                   PLUSW2   0x000fdb       data     extern C:\MCC18\src\traditional\proc\p18C452.asm
                    PORTA   0x000f80       data     extern C:\MCC18\src\traditional\proc\p18C452.asm
                PORTAbits   0x000f80       data     extern C:\MCC18\src\traditional\proc\p18C452.asm
                    PORTB   0x000f81       data     extern C:\MCC18\src\traditional\proc\p18C452.asm
                PORTBbits   0x000f81       data     extern C:\MCC18\src\traditional\proc\p18C452.asm
                    PORTC   0x000f82       data     extern C:\MCC18\src\traditional\proc\p18C452.asm
                PORTCbits   0x000f82       data     extern C:\MCC18\src\traditional\proc\p18C452.asm
                    PORTD   0x000f83       data     extern C:\MCC18\src\traditional\proc\p18C452.asm
                PORTDbits   0x000f83       data     extern C:\MCC18\src\traditional\proc\p18C452.asm
                    PORTE   0x000f84       data     extern C:\MCC18\src\traditional\proc\p18C452.asm
                PORTEbits   0x000f84       data     extern C:\MCC18\src\traditional\proc\p18C452.asm
                 POSTDEC0   0x000fed       data     extern C:\MCC18\src\traditional\proc\p18C452.asm
                 POSTDEC1   0x000fe5       data     extern C:\MCC18\src\traditional\proc\p18C452.asm
                 POSTDEC2   0x000fdd       data     extern C:\MCC18\src\traditional\proc\p18C452.asm
                 POSTINC0   0x000fee       data     extern C:\MCC18\src\traditional\proc\p18C452.asm
                 POSTINC1   0x000fe6       data     extern C:\MCC18\src\traditional\proc\p18C452.asm
                 POSTINC2   0x000fde       data     extern C:\MCC18\src\traditional\proc\p18C452.asm
                      PR2   0x000fcb       data     extern C:\MCC18\src\traditional\proc\p18C452.asm
                  PREINC0   0x000fec       data     extern C:\MCC18\src\traditional\proc\p18C452.asm
                  PREINC1   0x000fe4       data     extern C:\MCC18\src\traditional\proc\p18C452.asm
                  PREINC2   0x000fdc       data     extern C:\MCC18\src\traditional\proc\p18C452.asm
                     PROD   0x000ff3       data     extern C:\MCC18\src\traditional\proc\p18C452.asm
                    PRODH   0x000ff4       data     extern C:\MCC18\src\traditional\proc\p18C452.asm
                    PRODL   0x000ff3       data     extern C:\MCC18\src\traditional\proc\p18C452.asm
                     RCON   0x000fd0       data     extern C:\MCC18\src\traditional\proc\p18C452.asm
                 RCONbits   0x000fd0       data     extern C:\MCC18\src\traditional\proc\p18C452.asm
                    RCREG   0x000fae       data     extern C:\MCC18\src\traditional\proc\p18C452.asm
                    RCSTA   0x000fab       data     extern C:\MCC18\src\traditional\proc\p18C452.asm
                RCSTAbits   0x000fab       data     extern C:\MCC18\src\traditional\proc\p18C452.asm
                     SIGN   0x000000       data     extern C:\MCC18\src\traditional\math\cmath18.asm
                    SPBRG   0x000faf       data     extern C:\MCC18\src\traditional\proc\p18C452.asm
                   SSPADD   0x000fc8       data     extern C:\MCC18\src\traditional\proc\p18C452.asm
                   SSPBUF   0x000fc9       data     extern C:\MCC18\src\traditional\proc\p18C452.asm
                  SSPCON1   0x000fc6       data     extern C:\MCC18\src\traditional\proc\p18C452.asm
              SSPCON1bits   0x000fc6       data     extern C:\MCC18\src\traditional\proc\p18C452.asm
                  SSPCON2   0x000fc5       data     extern C:\MCC18\src\traditional\proc\p18C452.asm
              SSPCON2bits   0x000fc5       data     extern C:\MCC18\src\traditional\proc\p18C452.asm
                  SSPSTAT   0x000fc7       data     extern C:\MCC18\src\traditional\proc\p18C452.asm
              SSPSTATbits   0x000fc7       data     extern C:\MCC18\src\traditional\proc\p18C452.asm
                   STATUS   0x000fd8       data     extern C:\MCC18\src\traditional\proc\p18C452.asm
               STATUSbits   0x000fd8       data     extern C:\MCC18\src\traditional\proc\p18C452.asm
                   STKPTR   0x000ffc       data     extern C:\MCC18\src\traditional\proc\p18C452.asm
               STKPTRbits   0x000ffc       data     extern C:\MCC18\src\traditional\proc\p18C452.asm
                    T0CON   0x000fd5       data     extern C:\MCC18\src\traditional\proc\p18C452.asm
                T0CONbits   0x000fd5       data     extern C:\MCC18\src\traditional\proc\p18C452.asm
                    T1CON   0x000fcd       data     extern C:\MCC18\src\traditional\proc\p18C452.asm
                T1CONbits   0x000fcd       data     extern C:\MCC18\src\traditional\proc\p18C452.asm
                    T2CON   0x000fca       data     extern C:\MCC18\src\traditional\proc\p18C452.asm
                T2CONbits   0x000fca       data     extern C:\MCC18\src\traditional\proc\p18C452.asm
                    T3CON   0x000fb1       data     extern C:\MCC18\src\traditional\proc\p18C452.asm
                T3CONbits   0x000fb1       data     extern C:\MCC18\src\traditional\proc\p18C452.asm
                   TABLAT   0x000ff5       data     extern C:\MCC18\src\traditional\proc\p18C452.asm
                   TBLPTR   0x000ff6       data     extern C:\MCC18\src\traditional\proc\p18C452.asm
                  TBLPTRH   0x000ff7       data     extern C:\MCC18\src\traditional\proc\p18C452.asm
                  TBLPTRL   0x000ff6       data     extern C:\MCC18\src\traditional\proc\p18C452.asm
                  TBLPTRU   0x000ff8       data     extern C:\MCC18\src\traditional\proc\p18C452.asm
                    TMR0H   0x000fd7       data     extern C:\MCC18\src\traditional\proc\p18C452.asm
                    TMR0L   0x000fd6       data     extern C:\MCC18\src\traditional\proc\p18C452.asm
                    TMR1H   0x000fcf       data     extern C:\MCC18\src\traditional\proc\p18C452.asm
                    TMR1L   0x000fce       data     extern C:\MCC18\src\traditional\proc\p18C452.asm
                     TMR2   0x000fcc       data     extern C:\MCC18\src\traditional\proc\p18C452.asm
                    TMR3H   0x000fb3       data     extern C:\MCC18\src\traditional\proc\p18C452.asm
                    TMR3L   0x000fb2       data     extern C:\MCC18\src\traditional\proc\p18C452.asm
                      TOS   0x000ffd       data     extern C:\MCC18\src\traditional\proc\p18C452.asm
                     TOSH   0x000ffe       data     extern C:\MCC18\src\traditional\proc\p18C452.asm
                     TOSL   0x000ffd       data     extern C:\MCC18\src\traditional\proc\p18C452.asm
                     TOSU   0x000fff       data     extern C:\MCC18\src\traditional\proc\p18C452.asm
                    TRISA   0x000f92       data     extern C:\MCC18\src\traditional\proc\p18C452.asm
                TRISAbits   0x000f92       data     extern C:\MCC18\src\traditional\proc\p18C452.asm
                    TRISB   0x000f93       data     extern C:\MCC18\src\traditional\proc\p18C452.asm
                TRISBbits   0x000f93       data     extern C:\MCC18\src\traditional\proc\p18C452.asm
                    TRISC   0x000f94       data     extern C:\MCC18\src\traditional\proc\p18C452.asm
                TRISCbits   0x000f94       data     extern C:\MCC18\src\traditional\proc\p18C452.asm
                    TRISD   0x000f95       data     extern C:\MCC18\src\traditional\proc\p18C452.asm
                TRISDbits   0x000f95       data     extern C:\MCC18\src\traditional\proc\p18C452.asm
                    TRISE   0x000f96       data     extern C:\MCC18\src\traditional\proc\p18C452.asm
                TRISEbits   0x000f96       data     extern C:\MCC18\src\traditional\proc\p18C452.asm
                    TXREG   0x000fad       data     extern C:\MCC18\src\traditional\proc\p18C452.asm
                    TXSTA   0x000fac       data     extern C:\MCC18\src\traditional\proc\p18C452.asm
                TXSTAbits   0x000fac       data     extern C:\MCC18\src\traditional\proc\p18C452.asm
                        W   0x000fe8       data     extern C:\MCC18\src\traditional\proc\p18C452.asm
                   WDTCON   0x000fd1       data     extern C:\MCC18\src\traditional\proc\p18C452.asm
               WDTCONbits   0x000fd1       data     extern C:\MCC18\src\traditional\proc\p18C452.asm
                     WREG   0x000fe8       data     extern C:\MCC18\src\traditional\proc\p18C452.asm
                 __AARGB0   0x000009       data     extern C:\MCC18\src\traditional\math\aarg.asm
                 __AARGB1   0x000008       data     extern C:\MCC18\src\traditional\math\aarg.asm
                 __AARGB2   0x000007       data     extern C:\MCC18\src\traditional\math\aarg.asm
                 __AARGB3   0x000006       data     extern C:\MCC18\src\traditional\math\aarg.asm
                 __AARGB4   0x000005       data     extern C:\MCC18\src\traditional\math\aarg.asm
                 __AARGB5   0x000004       data     extern C:\MCC18\src\traditional\math\aarg.asm
                 __AARGB6   0x000003       data     extern C:\MCC18\src\traditional\math\aarg.asm
                 __AARGB7   0x000002       data     extern C:\MCC18\src\traditional\math\aarg.asm
                   __AEXP   0x00000a       data     extern C:\MCC18\src\traditional\math\aarg.asm
                 __BARGB0   0x00000e       data     extern C:\MCC18\src\traditional\math\barg.asm
                 __BARGB1   0x00000d       data     extern C:\MCC18\src\traditional\math\barg.asm
                 __BARGB2   0x00000c       data     extern C:\MCC18\src\traditional\math\barg.asm
                 __BARGB3   0x00000b       data     extern C:\MCC18\src\traditional\math\barg.asm
                   __BEXP   0x00000f       data     extern C:\MCC18\src\traditional\math\barg.asm
                __FPFLAGS   0x000001       data     extern C:\MCC18\src\traditional\math\cmath18.asm
            __FPFLAGSbits   0x000001       data     extern C:\MCC18\src\traditional\math\cmath18.asm
                  __REMB0   0x000005       data     extern C:\MCC18\src\traditional\math\aarg.asm
                  __REMB1   0x000004       data     extern C:\MCC18\src\traditional\math\aarg.asm
                  __REMB2   0x000003       data     extern C:\MCC18\src\traditional\math\aarg.asm
                  __REMB3   0x000002       data     extern C:\MCC18\src\traditional\math\aarg.asm
                  __tmp_0   0x000010       data     static C:\Users\pc260533\Desktop\tp02bis\tp2.c
                curr_byte   0x000097       data     static C:\MCC18\src\traditional\startup\c018i.c
               curr_entry   0x000099       data     static C:\MCC18\src\traditional\startup\c018i.c
                 data_ptr   0x00009b       data     static C:\MCC18\src\traditional\startup\c018i.c
                        i   0x00008c       data     extern C:\Users\pc260533\Desktop\tp02bis\tp2.c
                   minute   0x000092       data     extern C:\Users\pc260533\Desktop\tp02bis\tp2.c
                       nb   0x00008e       data     extern C:\Users\pc260533\Desktop\tp02bis\tp2.c
                    portb   0x000082       data     extern C:\Users\pc260533\Desktop\tp02bis\tp2.c
                    portc   0x00008a       data     extern C:\Users\pc260533\Desktop\tp02bis\tp2.c
                    portd   0x000086       data     extern C:\Users\pc260533\Desktop\tp02bis\tp2.c
                     prom   0x000094       data     static C:\MCC18\src\traditional\startup\c018i.c
                  seconde   0x000090       data     extern C:\Users\pc260533\Desktop\tp02bis\tp2.c
                    trisb   0x000080       data     extern C:\Users\pc260533\Desktop\tp02bis\tp2.c
                    trisc   0x000088       data     extern C:\Users\pc260533\Desktop\tp02bis\tp2.c
                    trisd   0x000084       data     extern C:\Users\pc260533\Desktop\tp02bis\tp2.c



                              Symbols - Sorted by Address
                     Name    Address   Location    Storage File                     
                ---------  ---------  ---------  --------- ---------                
                   _entry   0x000000    program     extern C:\MCC18\src\traditional\startup\c018i.c
       ___return_lbl00000   0x000004    program     static                          
                   __init   0x000006    program     extern C:\MCC18\src\traditional\stdclib\__init.c
                 int_vect   0x000008    program     extern C:\Users\pc260533\Desktop\tp02bis\it.h
       ___return_lbl00004   0x00000c    program     static                          
                  delayms   0x00001c    program     extern C:\Users\pc260533\Desktop\tp02bis\iq.h
                       it   0x00007e    program     extern C:\Users\pc260533\Desktop\tp02bis\it.h
             init_it_int0   0x000140    program     extern C:\Users\pc260533\Desktop\tp02bis\it.h
             init_it_int1   0x000146    program     extern C:\Users\pc260533\Desktop\tp02bis\it.h
             init_it_tmr0   0x00014c    program     extern C:\Users\pc260533\Desktop\tp02bis\it.h
             affiche_7seg   0x000160    program     extern C:\Users\pc260533\Desktop\tp02bis\tp2.c
                  it_int0   0x000256    program     extern C:\Users\pc260533\Desktop\tp02bis\tp2.c
                  it_int1   0x000258    program     extern C:\Users\pc260533\Desktop\tp02bis\tp2.c
                  it_tmr0   0x00025a    program     extern C:\Users\pc260533\Desktop\tp02bis\tp2.c
                     main   0x000378    program     extern C:\Users\pc260533\Desktop\tp02bis\tp2.c
                _do_cinit   0x0003b2    program     extern C:\MCC18\src\traditional\startup\c018i.c
                     test   0x0003cc    program     static                          
                copy_loop   0x000424    program     static                          
            copy_one_byte   0x00042a    program     static                          
             done_copying   0x000438    program     static                          
       ___return_lbl00002   0x00044e    program     static                          
                     done   0x00044e    program     static                          
                 FXD1616S   0x000450    program     extern C:\MCC18\src\traditional\math\fxd1616s.asm
                  DA1616S   0x000462    program     static C:\MCC18\src\traditional\math\fxd1616s.asm
                   D1616S   0x000472    program     static C:\MCC18\src\traditional\math\fxd1616s.asm
                 D1616SOK   0x00047c    program     static C:\MCC18\src\traditional\math\fxd1616s.asm
                D1616SNEG   0x000480    program     static C:\MCC18\src\traditional\math\fxd1616s.asm
                  D1616SX   0x000492    program     static C:\MCC18\src\traditional\math\fxd1616s.asm
                 FXD1616U   0x00049c    program     extern C:\MCC18\src\traditional\math\fxd1616u.c
                     loop   0x0004a6    program     static                          
                  endloop   0x0004c2    program     static                          
       ___return_lbl00000   0x0004c6    program     static                          
                 _startup   0x0004c8    program     extern C:\MCC18\src\traditional\startup\c018i.c
                     loop   0x0004d8    program     static                          
       ___return_lbl00001   0x0004e2    program     static                          
              Delay10TCYx   0x0004e4    program     extern C:\MCC18\src\traditional\delays\d10tcyx.asm
                     D10x   0x0004ec    program     static C:\MCC18\src\traditional\delays\d10tcyx.asm
        _D10TCYXCODE_000A   0x0004ee    program     static C:\MCC18\src\traditional\delays\d10tcyx.asm
        _D10TCYXCODE_000C   0x0004f0    program     static C:\MCC18\src\traditional\delays\d10tcyx.asm
        _D10TCYXCODE_000E   0x0004f2    program     static C:\MCC18\src\traditional\delays\d10tcyx.asm
                    D10_1   0x0004f4    program     static C:\MCC18\src\traditional\delays\d10tcyx.asm
            __zero_memory   0x0004fa    program     extern C:\MCC18\src\traditional\proc\p18C452.asm
               clear_loop   0x000500    program     static C:\MCC18\src\traditional\proc\p18C452.asm
                     SIGN   0x000000       data     extern C:\MCC18\src\traditional\math\cmath18.asm
                __FPFLAGS   0x000001       data     extern C:\MCC18\src\traditional\math\cmath18.asm
            __FPFLAGSbits   0x000001       data     extern C:\MCC18\src\traditional\math\cmath18.asm
                 __AARGB7   0x000002       data     extern C:\MCC18\src\traditional\math\aarg.asm
                  __REMB3   0x000002       data     extern C:\MCC18\src\traditional\math\aarg.asm
                 __AARGB6   0x000003       data     extern C:\MCC18\src\traditional\math\aarg.asm
                  __REMB2   0x000003       data     extern C:\MCC18\src\traditional\math\aarg.asm
                 __AARGB5   0x000004       data     extern C:\MCC18\src\traditional\math\aarg.asm
                  __REMB1   0x000004       data     extern C:\MCC18\src\traditional\math\aarg.asm
                  __REMB0   0x000005       data     extern C:\MCC18\src\traditional\math\aarg.asm
                 __AARGB4   0x000005       data     extern C:\MCC18\src\traditional\math\aarg.asm
                 __AARGB3   0x000006       data     extern C:\MCC18\src\traditional\math\aarg.asm
                 __AARGB2   0x000007       data     extern C:\MCC18\src\traditional\math\aarg.asm
                 __AARGB1   0x000008       data     extern C:\MCC18\src\traditional\math\aarg.asm
                 __AARGB0   0x000009       data     extern C:\MCC18\src\traditional\math\aarg.asm
                   __AEXP   0x00000a       data     extern C:\MCC18\src\traditional\math\aarg.asm
                 __BARGB3   0x00000b       data     extern C:\MCC18\src\traditional\math\barg.asm
                 __BARGB2   0x00000c       data     extern C:\MCC18\src\traditional\math\barg.asm
                 __BARGB1   0x00000d       data     extern C:\MCC18\src\traditional\math\barg.asm
                 __BARGB0   0x00000e       data     extern C:\MCC18\src\traditional\math\barg.asm
                   __BEXP   0x00000f       data     extern C:\MCC18\src\traditional\math\barg.asm
                  __tmp_0   0x000010       data     static C:\Users\pc260533\Desktop\tp02bis\tp2.c
                    trisb   0x000080       data     extern C:\Users\pc260533\Desktop\tp02bis\tp2.c
                    portb   0x000082       data     extern C:\Users\pc260533\Desktop\tp02bis\tp2.c
                    trisd   0x000084       data     extern C:\Users\pc260533\Desktop\tp02bis\tp2.c
                    portd   0x000086       data     extern C:\Users\pc260533\Desktop\tp02bis\tp2.c
                    trisc   0x000088       data     extern C:\Users\pc260533\Desktop\tp02bis\tp2.c
                    portc   0x00008a       data     extern C:\Users\pc260533\Desktop\tp02bis\tp2.c
                        i   0x00008c       data     extern C:\Users\pc260533\Desktop\tp02bis\tp2.c
                       nb   0x00008e       data     extern C:\Users\pc260533\Desktop\tp02bis\tp2.c
                  seconde   0x000090       data     extern C:\Users\pc260533\Desktop\tp02bis\tp2.c
                   minute   0x000092       data     extern C:\Users\pc260533\Desktop\tp02bis\tp2.c
                     prom   0x000094       data     static C:\MCC18\src\traditional\startup\c018i.c
                curr_byte   0x000097       data     static C:\MCC18\src\traditional\startup\c018i.c
               curr_entry   0x000099       data     static C:\MCC18\src\traditional\startup\c018i.c
                 data_ptr   0x00009b       data     static C:\MCC18\src\traditional\startup\c018i.c
                PORTAbits   0x000f80       data     extern C:\MCC18\src\traditional\proc\p18C452.asm
                    PORTA   0x000f80       data     extern C:\MCC18\src\traditional\proc\p18C452.asm
                PORTBbits   0x000f81       data     extern C:\MCC18\src\traditional\proc\p18C452.asm
                    PORTB   0x000f81       data     extern C:\MCC18\src\traditional\proc\p18C452.asm
                PORTCbits   0x000f82       data     extern C:\MCC18\src\traditional\proc\p18C452.asm
                    PORTC   0x000f82       data     extern C:\MCC18\src\traditional\proc\p18C452.asm
                PORTDbits   0x000f83       data     extern C:\MCC18\src\traditional\proc\p18C452.asm
                    PORTD   0x000f83       data     extern C:\MCC18\src\traditional\proc\p18C452.asm
                PORTEbits   0x000f84       data     extern C:\MCC18\src\traditional\proc\p18C452.asm
                    PORTE   0x000f84       data     extern C:\MCC18\src\traditional\proc\p18C452.asm
                     LATA   0x000f89       data     extern C:\MCC18\src\traditional\proc\p18C452.asm
                 LATAbits   0x000f89       data     extern C:\MCC18\src\traditional\proc\p18C452.asm
                 LATBbits   0x000f8a       data     extern C:\MCC18\src\traditional\proc\p18C452.asm
                     LATB   0x000f8a       data     extern C:\MCC18\src\traditional\proc\p18C452.asm
                 LATCbits   0x000f8b       data     extern C:\MCC18\src\traditional\proc\p18C452.asm
                     LATC   0x000f8b       data     extern C:\MCC18\src\traditional\proc\p18C452.asm
                     LATD   0x000f8c       data     extern C:\MCC18\src\traditional\proc\p18C452.asm
                 LATDbits   0x000f8c       data     extern C:\MCC18\src\traditional\proc\p18C452.asm
                     LATE   0x000f8d       data     extern C:\MCC18\src\traditional\proc\p18C452.asm
                 LATEbits   0x000f8d       data     extern C:\MCC18\src\traditional\proc\p18C452.asm
                    TRISA   0x000f92       data     extern C:\MCC18\src\traditional\proc\p18C452.asm
                TRISAbits   0x000f92       data     extern C:\MCC18\src\traditional\proc\p18C452.asm
                     DDRA   0x000f92       data     extern C:\MCC18\src\traditional\proc\p18C452.asm
                 DDRAbits   0x000f92       data     extern C:\MCC18\src\traditional\proc\p18C452.asm
                    TRISB   0x000f93       data     extern C:\MCC18\src\traditional\proc\p18C452.asm
                TRISBbits   0x000f93       data     extern C:\MCC18\src\traditional\proc\p18C452.asm
                     DDRB   0x000f93       data     extern C:\MCC18\src\traditional\proc\p18C452.asm
                 DDRBbits   0x000f93       data     extern C:\MCC18\src\traditional\proc\p18C452.asm
                    TRISC   0x000f94       data     extern C:\MCC18\src\traditional\proc\p18C452.asm
                TRISCbits   0x000f94       data     extern C:\MCC18\src\traditional\proc\p18C452.asm
                     DDRC   0x000f94       data     extern C:\MCC18\src\traditional\proc\p18C452.asm
                 DDRCbits   0x000f94       data     extern C:\MCC18\src\traditional\proc\p18C452.asm
                    TRISD   0x000f95       data     extern C:\MCC18\src\traditional\proc\p18C452.asm
                 DDRDbits   0x000f95       data     extern C:\MCC18\src\traditional\proc\p18C452.asm
                     DDRD   0x000f95       data     extern C:\MCC18\src\traditional\proc\p18C452.asm
                TRISDbits   0x000f95       data     extern C:\MCC18\src\traditional\proc\p18C452.asm
                    TRISE   0x000f96       data     extern C:\MCC18\src\traditional\proc\p18C452.asm
                     DDRE   0x000f96       data     extern C:\MCC18\src\traditional\proc\p18C452.asm
                TRISEbits   0x000f96       data     extern C:\MCC18\src\traditional\proc\p18C452.asm
                 DDREbits   0x000f96       data     extern C:\MCC18\src\traditional\proc\p18C452.asm
                 PIE1bits   0x000f9d       data     extern C:\MCC18\src\traditional\proc\p18C452.asm
                     PIE1   0x000f9d       data     extern C:\MCC18\src\traditional\proc\p18C452.asm
                 PIR1bits   0x000f9e       data     extern C:\MCC18\src\traditional\proc\p18C452.asm
                     PIR1   0x000f9e       data     extern C:\MCC18\src\traditional\proc\p18C452.asm
                     IPR1   0x000f9f       data     extern C:\MCC18\src\traditional\proc\p18C452.asm
                 IPR1bits   0x000f9f       data     extern C:\MCC18\src\traditional\proc\p18C452.asm
                 PIE2bits   0x000fa0       data     extern C:\MCC18\src\traditional\proc\p18C452.asm
                     PIE2   0x000fa0       data     extern C:\MCC18\src\traditional\proc\p18C452.asm
                 PIR2bits   0x000fa1       data     extern C:\MCC18\src\traditional\proc\p18C452.asm
                     PIR2   0x000fa1       data     extern C:\MCC18\src\traditional\proc\p18C452.asm
                     IPR2   0x000fa2       data     extern C:\MCC18\src\traditional\proc\p18C452.asm
                 IPR2bits   0x000fa2       data     extern C:\MCC18\src\traditional\proc\p18C452.asm
                    RCSTA   0x000fab       data     extern C:\MCC18\src\traditional\proc\p18C452.asm
                RCSTAbits   0x000fab       data     extern C:\MCC18\src\traditional\proc\p18C452.asm
                TXSTAbits   0x000fac       data     extern C:\MCC18\src\traditional\proc\p18C452.asm
                    TXSTA   0x000fac       data     extern C:\MCC18\src\traditional\proc\p18C452.asm
                    TXREG   0x000fad       data     extern C:\MCC18\src\traditional\proc\p18C452.asm
                    RCREG   0x000fae       data     extern C:\MCC18\src\traditional\proc\p18C452.asm
                    SPBRG   0x000faf       data     extern C:\MCC18\src\traditional\proc\p18C452.asm
                T3CONbits   0x000fb1       data     extern C:\MCC18\src\traditional\proc\p18C452.asm
                    T3CON   0x000fb1       data     extern C:\MCC18\src\traditional\proc\p18C452.asm
                    TMR3L   0x000fb2       data     extern C:\MCC18\src\traditional\proc\p18C452.asm
                    TMR3H   0x000fb3       data     extern C:\MCC18\src\traditional\proc\p18C452.asm
                  CCP2CON   0x000fba       data     extern C:\MCC18\src\traditional\proc\p18C452.asm
              CCP2CONbits   0x000fba       data     extern C:\MCC18\src\traditional\proc\p18C452.asm
                    CCPR2   0x000fbb       data     extern C:\MCC18\src\traditional\proc\p18C452.asm
                   CCPR2L   0x000fbb       data     extern C:\MCC18\src\traditional\proc\p18C452.asm
                   CCPR2H   0x000fbc       data     extern C:\MCC18\src\traditional\proc\p18C452.asm
                  CCP1CON   0x000fbd       data     extern C:\MCC18\src\traditional\proc\p18C452.asm
              CCP1CONbits   0x000fbd       data     extern C:\MCC18\src\traditional\proc\p18C452.asm
                    CCPR1   0x000fbe       data     extern C:\MCC18\src\traditional\proc\p18C452.asm
                   CCPR1L   0x000fbe       data     extern C:\MCC18\src\traditional\proc\p18C452.asm
                   CCPR1H   0x000fbf       data     extern C:\MCC18\src\traditional\proc\p18C452.asm
               ADCON1bits   0x000fc1       data     extern C:\MCC18\src\traditional\proc\p18C452.asm
                   ADCON1   0x000fc1       data     extern C:\MCC18\src\traditional\proc\p18C452.asm
                   ADCON0   0x000fc2       data     extern C:\MCC18\src\traditional\proc\p18C452.asm
               ADCON0bits   0x000fc2       data     extern C:\MCC18\src\traditional\proc\p18C452.asm
                    ADRES   0x000fc3       data     extern C:\MCC18\src\traditional\proc\p18C452.asm
                   ADRESL   0x000fc3       data     extern C:\MCC18\src\traditional\proc\p18C452.asm
                   ADRESH   0x000fc4       data     extern C:\MCC18\src\traditional\proc\p18C452.asm
                  SSPCON2   0x000fc5       data     extern C:\MCC18\src\traditional\proc\p18C452.asm
              SSPCON2bits   0x000fc5       data     extern C:\MCC18\src\traditional\proc\p18C452.asm
                  SSPCON1   0x000fc6       data     extern C:\MCC18\src\traditional\proc\p18C452.asm
              SSPCON1bits   0x000fc6       data     extern C:\MCC18\src\traditional\proc\p18C452.asm
              SSPSTATbits   0x000fc7       data     extern C:\MCC18\src\traditional\proc\p18C452.asm
                  SSPSTAT   0x000fc7       data     extern C:\MCC18\src\traditional\proc\p18C452.asm
                   SSPADD   0x000fc8       data     extern C:\MCC18\src\traditional\proc\p18C452.asm
                   SSPBUF   0x000fc9       data     extern C:\MCC18\src\traditional\proc\p18C452.asm
                    T2CON   0x000fca       data     extern C:\MCC18\src\traditional\proc\p18C452.asm
                T2CONbits   0x000fca       data     extern C:\MCC18\src\traditional\proc\p18C452.asm
                      PR2   0x000fcb       data     extern C:\MCC18\src\traditional\proc\p18C452.asm
                     TMR2   0x000fcc       data     extern C:\MCC18\src\traditional\proc\p18C452.asm
                    T1CON   0x000fcd       data     extern C:\MCC18\src\traditional\proc\p18C452.asm
                T1CONbits   0x000fcd       data     extern C:\MCC18\src\traditional\proc\p18C452.asm
                    TMR1L   0x000fce       data     extern C:\MCC18\src\traditional\proc\p18C452.asm
                    TMR1H   0x000fcf       data     extern C:\MCC18\src\traditional\proc\p18C452.asm
                     RCON   0x000fd0       data     extern C:\MCC18\src\traditional\proc\p18C452.asm
                 RCONbits   0x000fd0       data     extern C:\MCC18\src\traditional\proc\p18C452.asm
                   WDTCON   0x000fd1       data     extern C:\MCC18\src\traditional\proc\p18C452.asm
               WDTCONbits   0x000fd1       data     extern C:\MCC18\src\traditional\proc\p18C452.asm
                   LVDCON   0x000fd2       data     extern C:\MCC18\src\traditional\proc\p18C452.asm
               LVDCONbits   0x000fd2       data     extern C:\MCC18\src\traditional\proc\p18C452.asm
                   OSCCON   0x000fd3       data     extern C:\MCC18\src\traditional\proc\p18C452.asm
                T0CONbits   0x000fd5       data     extern C:\MCC18\src\traditional\proc\p18C452.asm
                    T0CON   0x000fd5       data     extern C:\MCC18\src\traditional\proc\p18C452.asm
                    TMR0L   0x000fd6       data     extern C:\MCC18\src\traditional\proc\p18C452.asm
                    TMR0H   0x000fd7       data     extern C:\MCC18\src\traditional\proc\p18C452.asm
               STATUSbits   0x000fd8       data     extern C:\MCC18\src\traditional\proc\p18C452.asm
                   STATUS   0x000fd8       data     extern C:\MCC18\src\traditional\proc\p18C452.asm
                     FSR2   0x000fd9       data     extern C:\MCC18\src\traditional\proc\p18C452.asm
                    FSR2L   0x000fd9       data     extern C:\MCC18\src\traditional\proc\p18C452.asm
                    FSR2H   0x000fda       data     extern C:\MCC18\src\traditional\proc\p18C452.asm
                   PLUSW2   0x000fdb       data     extern C:\MCC18\src\traditional\proc\p18C452.asm
                  PREINC2   0x000fdc       data     extern C:\MCC18\src\traditional\proc\p18C452.asm
                 POSTDEC2   0x000fdd       data     extern C:\MCC18\src\traditional\proc\p18C452.asm
                 POSTINC2   0x000fde       data     extern C:\MCC18\src\traditional\proc\p18C452.asm
                    INDF2   0x000fdf       data     extern C:\MCC18\src\traditional\proc\p18C452.asm
                      BSR   0x000fe0       data     extern C:\MCC18\src\traditional\proc\p18C452.asm
                    FSR1L   0x000fe1       data     extern C:\MCC18\src\traditional\proc\p18C452.asm
                     FSR1   0x000fe1       data     extern C:\MCC18\src\traditional\proc\p18C452.asm
                    FSR1H   0x000fe2       data     extern C:\MCC18\src\traditional\proc\p18C452.asm
                   PLUSW1   0x000fe3       data     extern C:\MCC18\src\traditional\proc\p18C452.asm
                  PREINC1   0x000fe4       data     extern C:\MCC18\src\traditional\proc\p18C452.asm
                 POSTDEC1   0x000fe5       data     extern C:\MCC18\src\traditional\proc\p18C452.asm
                 POSTINC1   0x000fe6       data     extern C:\MCC18\src\traditional\proc\p18C452.asm
                    INDF1   0x000fe7       data     extern C:\MCC18\src\traditional\proc\p18C452.asm
                     WREG   0x000fe8       data     extern C:\MCC18\src\traditional\proc\p18C452.asm
                        W   0x000fe8       data     extern C:\MCC18\src\traditional\proc\p18C452.asm
                     FSR0   0x000fe9       data     extern C:\MCC18\src\traditional\proc\p18C452.asm
                    FSR0L   0x000fe9       data     extern C:\MCC18\src\traditional\proc\p18C452.asm
                    FSR0H   0x000fea       data     extern C:\MCC18\src\traditional\proc\p18C452.asm
                   PLUSW0   0x000feb       data     extern C:\MCC18\src\traditional\proc\p18C452.asm
                  PREINC0   0x000fec       data     extern C:\MCC18\src\traditional\proc\p18C452.asm
                 POSTDEC0   0x000fed       data     extern C:\MCC18\src\traditional\proc\p18C452.asm
                 POSTINC0   0x000fee       data     extern C:\MCC18\src\traditional\proc\p18C452.asm
                    INDF0   0x000fef       data     extern C:\MCC18\src\traditional\proc\p18C452.asm
              INTCON3bits   0x000ff0       data     extern C:\MCC18\src\traditional\proc\p18C452.asm
                  INTCON3   0x000ff0       data     extern C:\MCC18\src\traditional\proc\p18C452.asm
              INTCON2bits   0x000ff1       data     extern C:\MCC18\src\traditional\proc\p18C452.asm
                  INTCON2   0x000ff1       data     extern C:\MCC18\src\traditional\proc\p18C452.asm
               INTCONbits   0x000ff2       data     extern C:\MCC18\src\traditional\proc\p18C452.asm
                   INTCON   0x000ff2       data     extern C:\MCC18\src\traditional\proc\p18C452.asm
                    PRODL   0x000ff3       data     extern C:\MCC18\src\traditional\proc\p18C452.asm
                     PROD   0x000ff3       data     extern C:\MCC18\src\traditional\proc\p18C452.asm
                    PRODH   0x000ff4       data     extern C:\MCC18\src\traditional\proc\p18C452.asm
                   TABLAT   0x000ff5       data     extern C:\MCC18\src\traditional\proc\p18C452.asm
                  TBLPTRL   0x000ff6       data     extern C:\MCC18\src\traditional\proc\p18C452.asm
                   TBLPTR   0x000ff6       data     extern C:\MCC18\src\traditional\proc\p18C452.asm
                  TBLPTRH   0x000ff7       data     extern C:\MCC18\src\traditional\proc\p18C452.asm
                  TBLPTRU   0x000ff8       data     extern C:\MCC18\src\traditional\proc\p18C452.asm
                       PC   0x000ff9       data     extern C:\MCC18\src\traditional\proc\p18C452.asm
                      PCL   0x000ff9       data     extern C:\MCC18\src\traditional\proc\p18C452.asm
                   PCLATH   0x000ffa       data     extern C:\MCC18\src\traditional\proc\p18C452.asm
                   PCLATU   0x000ffb       data     extern C:\MCC18\src\traditional\proc\p18C452.asm
                   STKPTR   0x000ffc       data     extern C:\MCC18\src\traditional\proc\p18C452.asm
               STKPTRbits   0x000ffc       data     extern C:\MCC18\src\traditional\proc\p18C452.asm
                     TOSL   0x000ffd       data     extern C:\MCC18\src\traditional\proc\p18C452.asm
                      TOS   0x000ffd       data     extern C:\MCC18\src\traditional\proc\p18C452.asm
                     TOSH   0x000ffe       data     extern C:\MCC18\src\traditional\proc\p18C452.asm
                     TOSU   0x000fff       data     extern C:\MCC18\src\traditional\proc\p18C452.asm


